---
source: src/ast.rs
expression: example_ast()
---
{
  "Operation": [
    "Plus",
    [
      {
        "Operation": [
          {
            "Num": 2
          },
          []
        ]
      },
      {
        "Operation": [
          "Times",
          [
            {
              "Operation": [
                {
                  "Num": 3
                },
                []
              ]
            },
            {
              "Variable": [
                "X"
              ]
            }
          ]
        ]
      }
    ]
  ]
}
