---
source: src/ast.rs
expression: example_ast()
---
([+ : ℕ -> ℕ -> ℕ] [2 : ℕ] ([× : ℕ -> ℕ -> ℕ] [3 : ℕ] [X : ℕ]))
