---
source: src/ast.rs
expression: example_ast().render_sexp()
---
([+ : ℕ -> ℕ -> ℕ] ([2 : ℕ]) ([× : ℕ -> ℕ -> ℕ] ([3 : ℕ]) [x : ℕ]))
